create or replace language plpython3u;
create extension if not exists pg_rollup;
NOTICE:  extension "pg_rollup" already exists, skipping
create temporary table nulltest (
    id serial primary key,
    name text,
    num int
);
insert into nulltest (name,num) values
    (NULL, NULL);
select create_rollup(
    'nulltest',
    'nulltest_rollup1',
    wheres => 'name'
);
NOTICE:  view "nulltest_rollup1_groundtruth_raw" will be a temporary view
NOTICE:  view "nulltest_rollup1" will be a temporary view
NOTICE:  view "nulltest_rollup1_groundtruth" will be a temporary view
 create_rollup 
---------------
 
(1 row)

select create_rollup(
    'nulltest',
    'nulltest_rollup2',
    wheres => 'name,num'
);
NOTICE:  view "nulltest_rollup2_groundtruth_raw" will be a temporary view
NOTICE:  view "nulltest_rollup2" will be a temporary view
NOTICE:  view "nulltest_rollup2_groundtruth" will be a temporary view
 create_rollup 
---------------
 
(1 row)

select create_rollup(
    'nulltest',
    'nulltest_rollup3',
    wheres => 'name',
    rollups => $$
        sum(num) as sum,
        count(*) as count_all,
        count(num),
        max(num),
        min(num)
    $$
);
NOTICE:  view "nulltest_rollup3_groundtruth_raw" will be a temporary view
NOTICE:  view "nulltest_rollup3" will be a temporary view
NOTICE:  view "nulltest_rollup3_groundtruth" will be a temporary view
 create_rollup 
---------------
 
(1 row)

select create_rollup(
    'nulltest',
    'nulltest_rollup4',
    rollups => $$
        sum(num) as sum,
        count(*) as count_all,
        count(num),
        max(num),
        min(num)
    $$
);
NOTICE:  view "nulltest_rollup4_groundtruth_raw" will be a temporary view
NOTICE:  view "nulltest_rollup4" will be a temporary view
NOTICE:  view "nulltest_rollup4_groundtruth" will be a temporary view
 create_rollup 
---------------
 
(1 row)

select assert_rollup('nulltest_rollup1');
 assert_rollup 
---------------
 
(1 row)

select assert_rollup('nulltest_rollup2');
 assert_rollup 
---------------
 
(1 row)

select assert_rollup('nulltest_rollup3');
 assert_rollup 
---------------
 
(1 row)

select assert_rollup('nulltest_rollup4');
 assert_rollup 
---------------
 
(1 row)

insert into nulltest (name,num) values
    (NULL, NULL);
select * from nulltest_rollup3_raw;
 sum | count_all | count(num) | max(num) | min(num) | where_name 
-----+-----------+------------+----------+----------+------------
   0 |         2 |          0 |          |          | 
(1 row)

select * from nulltest_rollup3_groundtruth_raw;
 sum | count_all | count(num) | max(num) | min(num) | where_name 
-----+-----------+------------+----------+----------+------------
     |         2 |          0 |          |          | 
(1 row)

select assert_rollup('nulltest_rollup1');
 assert_rollup 
---------------
 
(1 row)

select assert_rollup('nulltest_rollup2');
 assert_rollup 
---------------
 
(1 row)

select assert_rollup('nulltest_rollup3');
 assert_rollup 
---------------
 
(1 row)

select assert_rollup('nulltest_rollup4');
 assert_rollup 
---------------
 
(1 row)

insert into nulltest (name,num) values
    ('alice', 1),
    ('alice', 2),
    ('alice', 3),
    ('alice', 4),
    ('alice', 5),
    ('bill', 5),
    ('bill', 5),
    ('bill', 5),
    ('charlie', 1),
    ('charlie', 1),
    ('charlie', 1),
    ('charlie', 3),
    ('charlie', NULL),
    ('dave', 4),
    ('elliot', 5),
    (NULL, 1),
    (NULL, 1),
    (NULL, 1),
    (NULL, 1),
    (NULL, 1),
    (NULL, 8),
    (NULL, 9),
    (NULL, NULL),
    (NULL, NULL),
    (NULL, NULL),
    (NULL, NULL);
select * from nulltest_rollup3_raw;
 sum | count_all | count(num) | max(num) | min(num) | where_name 
-----+-----------+------------+----------+----------+------------
  22 |        13 |          7 |        9 |        1 | 
  15 |         5 |          5 |        5 |        1 | alice
   5 |         1 |          1 |        5 |        5 | elliot
   4 |         1 |          1 |        4 |        4 | dave
  15 |         3 |          3 |        5 |        5 | bill
   6 |         5 |          4 |        3 |        1 | charlie
(6 rows)

select * from nulltest_rollup3_groundtruth_raw;
 sum | count_all | count(num) | max(num) | min(num) | where_name 
-----+-----------+------------+----------+----------+------------
  22 |        13 |          7 |        9 |        1 | 
   6 |         5 |          4 |        3 |        1 | charlie
   4 |         1 |          1 |        4 |        4 | dave
  15 |         3 |          3 |        5 |        5 | bill
   5 |         1 |          1 |        5 |        5 | elliot
  15 |         5 |          5 |        5 |        1 | alice
(6 rows)

select assert_rollup('nulltest_rollup1');
 assert_rollup 
---------------
 
(1 row)

select assert_rollup('nulltest_rollup2');
 assert_rollup 
---------------
 
(1 row)

select assert_rollup('nulltest_rollup3');
 assert_rollup 
---------------
 
(1 row)

select assert_rollup('nulltest_rollup4');
 assert_rollup 
---------------
 
(1 row)

insert into nulltest (name,num) values
    (NULL, NULL);
select assert_rollup('nulltest_rollup1');
 assert_rollup 
---------------
 
(1 row)

select assert_rollup('nulltest_rollup2');
 assert_rollup 
---------------
 
(1 row)

select assert_rollup('nulltest_rollup3');
 assert_rollup 
---------------
 
(1 row)

select assert_rollup('nulltest_rollup4');
 assert_rollup 
---------------
 
(1 row)

insert into nulltest (name,num) values
    ('alice', 1),
    ('alice', 2),
    ('alice', 3),
    ('alice', 4),
    ('alice', 5),
    ('bill', 5),
    ('bill', 5),
    ('bill', 5),
    ('charlie', 1),
    ('charlie', 1),
    ('charlie', 1),
    ('charlie', 3),
    ('charlie', NULL),
    ('dave', 4),
    ('elliot', 5),
    (NULL, 1),
    (NULL, 1),
    (NULL, 1),
    (NULL, 1),
    (NULL, 1),
    (NULL, 8),
    (NULL, 9),
    (NULL, NULL),
    (NULL, NULL),
    (NULL, NULL),
    (NULL, NULL);
select assert_rollup('nulltest_rollup1');
 assert_rollup 
---------------
 
(1 row)

select assert_rollup('nulltest_rollup2');
 assert_rollup 
---------------
 
(1 row)

select assert_rollup('nulltest_rollup3');
 assert_rollup 
---------------
 
(1 row)

select assert_rollup('nulltest_rollup4');
 assert_rollup 
---------------
 
(1 row)

select * from nulltest_rollup3_raw;
 sum | count_all | count(num) | max(num) | min(num) | where_name 
-----+-----------+------------+----------+----------+------------
  44 |        25 |         14 |        9 |        1 | 
  30 |        10 |         10 |        5 |        1 | alice
  10 |         2 |          2 |        5 |        5 | elliot
   8 |         2 |          2 |        4 |        4 | dave
  30 |         6 |          6 |        5 |        5 | bill
  12 |        10 |          8 |        3 |        1 | charlie
(6 rows)

select * from nulltest_rollup3_groundtruth_raw;
 sum | count_all | count(num) | max(num) | min(num) | where_name 
-----+-----------+------------+----------+----------+------------
  44 |        25 |         14 |        9 |        1 | 
  12 |        10 |          8 |        3 |        1 | charlie
   8 |         2 |          2 |        4 |        4 | dave
  30 |         6 |          6 |        5 |        5 | bill
  10 |         2 |          2 |        5 |        5 | elliot
  30 |        10 |         10 |        5 |        1 | alice
(6 rows)

