SET client_min_messages TO WARNING;
create or replace language plpython3u;
create extension if not exists pgrollup;
create table test_nopk (
    id int generated by default as identity, -- primary key,
    name text,
    num int
);
insert into test_nopk (name,num) values
    ('alice', 1),
    ('alice', 2),
    ('alice', 3),
    ('alice', 4),
    ('alice', 5),
    ('bill', 5),
    ('bill', 5),
    ('bill', 5),
    ('charlie', 1),
    ('charlie', 1),
    ('charlie', 1),
    ('charlie', 3),
    ('charlie', NULL),
    ('dave', 4),
    ('elliot', 5),
    (NULL, 1),
    (NULL, 1),
    (NULL, 1),
    (NULL, 1),
    (NULL, 1),
    (NULL, 8),
    (NULL, 9),
    (NULL, NULL),
    (NULL, NULL),
    (NULL, NULL),
    (NULL, NULL);
create materialized view test_nopk_rollup1 as (
    select name,count(*)
    from test_nopk
    group by name
);
select * from pgrollup_rollups;
      rollup_name       | table_alias  |  table_name  | event_id_sequence_name | rollup_column |                           sql                            |  mode   | last_aggregated_id 
------------------------+--------------+--------------+------------------------+---------------+----------------------------------------------------------+---------+--------------------
 testinternal_internal1 | testinternal | testinternal | testinternal_id_seq    | id            | pgrollup_manual_testinternal_internal1_raw__testinternal | trigger |                 26
 testinternal_internal2 | testinternal | testinternal | testinternal_id_seq    | id            | pgrollup_manual_testinternal_internal2_raw__testinternal | trigger |                 26
 testid_rollup1         | testid       | testid       | testid_id_seq          | id            | pgrollup_manual_testid_rollup1_raw__testid               | manual  |                 52
 test_nopk_rollup1      | test_nopk    | test_nopk    |                        |               |                                                          | trigger |                  0
(4 rows)

select assert_rollup('test_nopk_rollup1');
 assert_rollup 
---------------
 
(1 row)

insert into test_nopk (name,num) values
    ('alice', 1),
    ('alice', 2),
    ('alice', 3),
    ('alice', 4),
    ('alice', 5),
    ('bill', 5),
    ('bill', 5),
    ('bill', 5),
    ('charlie', 1),
    ('charlie', 1),
    ('charlie', 1),
    ('charlie', 3),
    ('charlie', NULL),
    ('dave', 4),
    ('elliot', 5),
    (NULL, 1),
    (NULL, 1),
    (NULL, 1),
    (NULL, 1),
    (NULL, 1),
    (NULL, 8),
    (NULL, 9),
    (NULL, NULL),
    (NULL, NULL),
    (NULL, NULL),
    (NULL, NULL);
select assert_rollup('test_nopk_rollup1');
 assert_rollup 
---------------
 
(1 row)

-- FIXME:
-- The following lines should fail, and we should assert that fact.
--
-- select rollup_mode('test_nopk_rollup1','manual');
-- select rollup_mode('test_nopk_rollup1','cron');
select assert_rollup('test_nopk_rollup1');
 assert_rollup 
---------------
 
(1 row)

drop table test_nopk cascade;
